[backblue.gif]
[fade.gif]
[index.html]
[sanhok.playbattlegrounds.com/images/share.jpg]
[sanhok.playbattlegrounds.com/sanhok_favicon01.png]
[sanhok.playbattlegrounds.com/images/common/logo.png]
[sanhok.playbattlegrounds.com/images/common/btn_close_pop.png]
[sanhok.playbattlegrounds.com/images/main/title1.png]
[sanhok.playbattlegrounds.com/images/main/title2.png]
[sanhok.playbattlegrounds.com/images/main/loading.png]
[sanhok.playbattlegrounds.com/images/trailer_bg.png]
[sanhok.playbattlegrounds.com/images/main/map1.jpg]
[sanhok.playbattlegrounds.com/video/cover_video1.mp4]
[sanhok.playbattlegrounds.com/images/main/map2.jpg]
[sanhok.playbattlegrounds.com/video/cover_video2.mp4]
[sanhok.playbattlegrounds.com/images/main/map3.jpg]
[sanhok.playbattlegrounds.com/video/cover_video3.mp4]
[sanhok.playbattlegrounds.com/images/main/map4.jpg]
[sanhok.playbattlegrounds.com/video/cover_video4.mp4]
[sanhok.playbattlegrounds.com/images/main/btn_close.png]
[sanhok.playbattlegrounds.com/images/main/bg_line2.png]
[sanhok.playbattlegrounds.com/images/sub/event_thumb1.png]
[sanhok.playbattlegrounds.com/images/sub/event_thumb2.png]
[sanhok.playbattlegrounds.com/images/sub/event_thumb3.png]
[sanhok.playbattlegrounds.com/images/sub/item1.png]
[sanhok.playbattlegrounds.com/images/sub/item2.png]
[sanhok.playbattlegrounds.com/images/sub/item3.png]
[sanhok.playbattlegrounds.com/images/sub/item4.png]
[sanhok.playbattlegrounds.com/images/sub/item5.png]
[sanhok.playbattlegrounds.com/images/sub/item6.png]
[sanhok.playbattlegrounds.com/images/sub/item7.png]
[sanhok.playbattlegrounds.com/images/sub/item8.png]
[sanhok.playbattlegrounds.com/images/sub/item9.png]
[sanhok.playbattlegrounds.com/images/sub/newItem_img1.png]
[sanhok.playbattlegrounds.com/images/sub/newItem_img2.png]
[sanhok.playbattlegrounds.com/images/sub/newItem_img3.png]
[sanhok.playbattlegrounds.com/video/watch_btn_video.mp4]
[sanhok.playbattlegrounds.com/images/sub/premium_img1.png]
[sanhok.playbattlegrounds.com/images/sub/premium_img2.png]
[sanhok.playbattlegrounds.com/images/sub/premium_img3.png]
[sanhok.playbattlegrounds.com/images/sub/parachute.png]
[sanhok.playbattlegrounds.com/images/sub/save.png]
[sanhok.playbattlegrounds.com/images/common/logo_pubg.png]
[sanhok.playbattlegrounds.com/_build/common.min.js]
[sanhok.playbattlegrounds.com/index.html]
[sanhok.playbattlegrounds.com/fonts/AgencyFB/AgencyFB-Bold.eot]
[sanhok.playbattlegrounds.com/fonts/AgencyFB/AgencyFB-Boldd41d.eot]
[sanhok.playbattlegrounds.com/fonts/AgencyFB/AgencyFB-Bold.woff2]
[sanhok.playbattlegrounds.com/fonts/AgencyFB/AgencyFB-Bold.woff]
[sanhok.playbattlegrounds.com/fonts/AgencyFB/AgencyFB-Regular.eot]
[sanhok.playbattlegrounds.com/fonts/AgencyFB/AgencyFB-Regulard41d.eot]
[sanhok.playbattlegrounds.com/fonts/AgencyFB/AgencyFB-Regular.woff2]
[sanhok.playbattlegrounds.com/fonts/AgencyFB/AgencyFB-Regular.woff]
[sanhok.playbattlegrounds.com/fonts/HeadlinerNo45/HeadlinerNo45.eot]
[sanhok.playbattlegrounds.com/fonts/HeadlinerNo45/HeadlinerNo45d41d.eot]
[sanhok.playbattlegrounds.com/fonts/HeadlinerNo45/HeadlinerNo45.woff2]
[sanhok.playbattlegrounds.com/fonts/HeadlinerNo45/HeadlinerNo45.woff]
[sanhok.playbattlegrounds.com/fonts/RobotoCondensed/RobotoCondensed-Bold.eot]
[sanhok.playbattlegrounds.com/fonts/RobotoCondensed/RobotoCondensed-Boldd41d.eot]
[sanhok.playbattlegrounds.com/fonts/RobotoCondensed/RobotoCondensed-Bold.woff2]
[sanhok.playbattlegrounds.com/fonts/RobotoCondensed/RobotoCondensed-Bold.woff]
[sanhok.playbattlegrounds.com/fonts/RobotoCondensed/RobotoCondensed-Light.eot]
[sanhok.playbattlegrounds.com/fonts/RobotoCondensed/RobotoCondensed-Lightd41d.eot]
[sanhok.playbattlegrounds.com/fonts/RobotoCondensed/RobotoCondensed-Light.woff2]
[sanhok.playbattlegrounds.com/fonts/RobotoCondensed/RobotoCondensed-Light.woff]
[sanhok.playbattlegrounds.com/fonts/RobotoCondensed/RobotoCondensed-Regular.eot]
[sanhok.playbattlegrounds.com/fonts/RobotoCondensed/RobotoCondensed-Regulard41d.eot]
[sanhok.playbattlegrounds.com/fonts/RobotoCondensed/RobotoCondensed-Regular.woff2]
[sanhok.playbattlegrounds.com/fonts/RobotoCondensed/RobotoCondensed-Regular.woff]
[sanhok.playbattlegrounds.com/images/sub/bg_caution.jpg]
[sanhok.playbattlegrounds.com/images/common/ico_img.png]
[sanhok.playbattlegrounds.com/images/eventpath/popup/free_10.png]
[sanhok.playbattlegrounds.com/images/eventpath/popup/free_20.png]
[sanhok.playbattlegrounds.com/images/main/limited_bg.jpg]
[sanhok.playbattlegrounds.com/images/main/t_menu_off.png]
[sanhok.playbattlegrounds.com/images/main/t_menu_on.png]
[sanhok.playbattlegrounds.com/images/eventpath/sweep.png]
[sanhok.playbattlegrounds.com/images/eventpath/sweep2.png]
[sanhok.playbattlegrounds.com/images/eventpath/slide_gra_l.png]
[sanhok.playbattlegrounds.com/images/eventpath/slide_gra_r.png]
[sanhok.playbattlegrounds.com/images/eventpath/custume_arrow_l.png]
[sanhok.playbattlegrounds.com/images/eventpath/custume_arrow_r.png]
[sanhok.playbattlegrounds.com/images/eventpath/marker_tl.png]
[sanhok.playbattlegrounds.com/images/eventpath/marker_tr.png]
[sanhok.playbattlegrounds.com/images/eventpath/marker_bl.png]
[sanhok.playbattlegrounds.com/images/trailer_btn_play.png]
[sanhok.playbattlegrounds.com/images/trailer_btn_play_on.png]
[sanhok.playbattlegrounds.com/images/eventpath/mission_item_sprite.png]
[sanhok.playbattlegrounds.com/images/main/main_slide_img1.jpg]
[sanhok.playbattlegrounds.com/images/main/main_slide_img2.jpg]
[sanhok.playbattlegrounds.com/images/main/main_slide_img3.jpg]
[sanhok.playbattlegrounds.com/images/trailer_btn_bg.png]
[sanhok.playbattlegrounds.com/images/trailer_btn_tl.png]
[sanhok.playbattlegrounds.com/images/trailer_btn_br.png]
[sanhok.playbattlegrounds.com/images/sub/bg_event_pass.jpg]
[sanhok.playbattlegrounds.com/images/sub/item_line.png]
[sanhok.playbattlegrounds.com/images/sub/ico_time.png]
[sanhok.playbattlegrounds.com/images/sub/bg_newItem.jpg]
[sanhok.playbattlegrounds.com/images/sub/bg_line3.png]
[sanhok.playbattlegrounds.com/images/sub/bg_line4.png]
[sanhok.playbattlegrounds.com/images/sub/bg_premium.jpg]
[sanhok.playbattlegrounds.com/images/sub/bg_line5.png]
[sanhok.playbattlegrounds.com/images/sub/cursor_green.png]
[sanhok.playbattlegrounds.com/images/sub/ico_cursor.png]
[sanhok.playbattlegrounds.com/images/sub/bg_hidden.jpg]
[sanhok.playbattlegrounds.com/images/sub/bg_line6.png]
[sanhok.playbattlegrounds.com/images/sub/event_pass1.png]
[sanhok.playbattlegrounds.com/images/sub/event_pass2.png]
[sanhok.playbattlegrounds.com/images/sub/bg_faq.jpg]
[sanhok.playbattlegrounds.com/images/sub/bg_line7.png]
[sanhok.playbattlegrounds.com/images/sub/bg_line8.png]
[sanhok.playbattlegrounds.com/images/sub/bg_buygame.jpg]
[sanhok.playbattlegrounds.com/images/sub/bg_line9.png]
[sanhok.playbattlegrounds.com/images/sub/buy_game.png]
[sanhok.playbattlegrounds.com/images/main/map_bg.jpg]
[sanhok.playbattlegrounds.com/images/main/ico_more.png]
[sanhok.playbattlegrounds.com/images/main/ico_prev.png]
[sanhok.playbattlegrounds.com/images/main/ico_next.png]
[sanhok.playbattlegrounds.com/_build/common.min.css]
[sanhok.playbattlegrounds.com/images/common/btn_lang.png]
